Archive member included because of file (symbol)

C:/NXP/S32DS_ARM_v2.2/S32DS/build_tools/gcc_v4.9/arm_ewl2/lib/armv7e-m\libc99.a(exit.o)
                              C:/NXP/S32DS_ARM_v2.2/S32DS/build_tools/gcc_v4.9/arm_ewl2/lib/armv7e-m/__arm_start.o (exit)
C:/NXP/S32DS_ARM_v2.2/S32DS/build_tools/gcc_v4.9/arm_ewl2/lib/armv7e-m\libc99.a(memset.o)
                              C:/NXP/S32DS_ARM_v2.2/S32DS/build_tools/gcc_v4.9/arm_ewl2/lib/armv7e-m/__arm_start.o (memset)
C:/NXP/S32DS_ARM_v2.2/S32DS/build_tools/gcc_v4.9/arm_ewl2/lib/armv7e-m\libc99.a(__filll_mem.o)
                              C:/NXP/S32DS_ARM_v2.2/S32DS/build_tools/gcc_v4.9/arm_ewl2/lib/armv7e-m\libc99.a(memset.o) (__fill_mem)
C:/NXP/S32DS_ARM_v2.2/S32DS/build_tools/gcc_v4.9/arm_ewl2/lib/armv7e-m\librt.a(gcc_ctor_dtor.o)
                              C:/NXP/S32DS_ARM_v2.2/S32DS/build_tools/gcc_v4.9/arm_ewl2/lib/armv7e-m/__arm_start.o (__init_cpp)
C:/NXP/S32DS_ARM_v2.2/S32DS/build_tools/gcc_v4.9/arm_ewl2/lib/armv7e-m\librt.a(__arm_eabi_init.o)
                              C:/NXP/S32DS_ARM_v2.2/S32DS/build_tools/gcc_v4.9/arm_ewl2/lib/armv7e-m\libc99.a(exit.o) (__destroy_global_chain)
C:/NXP/S32DS_ARM_v2.2/S32DS/build_tools/gcc_v4.9/arm_ewl2/lib/armv7e-m\librt.a(ROMCopy.o)
                              C:/NXP/S32DS_ARM_v2.2/S32DS/build_tools/gcc_v4.9/arm_ewl2/lib/armv7e-m/__arm_start.o (__copy_rom_sections_to_ram)

Discarded input sections

 .text          0x00000000        0x0 C:/NXP/S32DS_ARM_v2.2/S32DS/build_tools/gcc_v4.9/arm_ewl2/lib/armv7e-m/__arm_start.o
 .data          0x00000000        0x0 C:/NXP/S32DS_ARM_v2.2/S32DS/build_tools/gcc_v4.9/arm_ewl2/lib/armv7e-m/__arm_start.o
 .bss           0x00000000        0x0 C:/NXP/S32DS_ARM_v2.2/S32DS/build_tools/gcc_v4.9/arm_ewl2/lib/armv7e-m/__arm_start.o
 .text.__thumb_startup
                0x00000000       0x3c C:/NXP/S32DS_ARM_v2.2/S32DS/build_tools/gcc_v4.9/arm_ewl2/lib/armv7e-m/__arm_start.o
 .text.__iar_program_start
                0x00000000        0x4 C:/NXP/S32DS_ARM_v2.2/S32DS/build_tools/gcc_v4.9/arm_ewl2/lib/armv7e-m/__arm_start.o
 .bss.argv      0x00000000        0x4 C:/NXP/S32DS_ARM_v2.2/S32DS/build_tools/gcc_v4.9/arm_ewl2/lib/armv7e-m/__arm_start.o
 .debug_info    0x00000000      0x144 C:/NXP/S32DS_ARM_v2.2/S32DS/build_tools/gcc_v4.9/arm_ewl2/lib/armv7e-m/__arm_start.o
 .debug_abbrev  0x00000000       0xc0 C:/NXP/S32DS_ARM_v2.2/S32DS/build_tools/gcc_v4.9/arm_ewl2/lib/armv7e-m/__arm_start.o
 .debug_aranges
                0x00000000       0x28 C:/NXP/S32DS_ARM_v2.2/S32DS/build_tools/gcc_v4.9/arm_ewl2/lib/armv7e-m/__arm_start.o
 .debug_line    0x00000000       0x68 C:/NXP/S32DS_ARM_v2.2/S32DS/build_tools/gcc_v4.9/arm_ewl2/lib/armv7e-m/__arm_start.o
 .debug_str     0x00000000      0x279 C:/NXP/S32DS_ARM_v2.2/S32DS/build_tools/gcc_v4.9/arm_ewl2/lib/armv7e-m/__arm_start.o
 .comment       0x00000000       0x71 C:/NXP/S32DS_ARM_v2.2/S32DS/build_tools/gcc_v4.9/arm_ewl2/lib/armv7e-m/__arm_start.o
 .debug_frame   0x00000000       0x30 C:/NXP/S32DS_ARM_v2.2/S32DS/build_tools/gcc_v4.9/arm_ewl2/lib/armv7e-m/__arm_start.o
 .ARM.attributes
                0x00000000       0x33 C:/NXP/S32DS_ARM_v2.2/S32DS/build_tools/gcc_v4.9/arm_ewl2/lib/armv7e-m/__arm_start.o
 .group         0x00000000        0x8 ./Project_Settings/Startup_Code/startup.o
 .group         0x00000000        0x8 ./Project_Settings/Startup_Code/startup.o
 .group         0x00000000        0x8 ./Project_Settings/Startup_Code/startup.o
 .group         0x00000000        0x8 ./Project_Settings/Startup_Code/startup.o
 .group         0x00000000        0x8 ./Project_Settings/Startup_Code/startup.o
 .group         0x00000000        0x8 ./Project_Settings/Startup_Code/startup.o
 .group         0x00000000        0x8 ./Project_Settings/Startup_Code/startup.o
 .group         0x00000000        0x8 ./Project_Settings/Startup_Code/startup.o
 .group         0x00000000        0x8 ./Project_Settings/Startup_Code/startup.o
 .group         0x00000000        0x8 ./Project_Settings/Startup_Code/startup.o
 .group         0x00000000        0x8 ./Project_Settings/Startup_Code/startup.o
 .group         0x00000000        0x8 ./Project_Settings/Startup_Code/startup.o
 .group         0x00000000        0x8 ./Project_Settings/Startup_Code/startup.o
 .group         0x00000000        0x8 ./Project_Settings/Startup_Code/startup.o
 .group         0x00000000        0x8 ./Project_Settings/Startup_Code/startup.o
 .group         0x00000000        0x8 ./Project_Settings/Startup_Code/startup.o
 .group         0x00000000        0x8 ./Project_Settings/Startup_Code/startup.o
 .group         0x00000000        0x8 ./Project_Settings/Startup_Code/startup.o
 .text          0x00000000        0x0 ./Project_Settings/Startup_Code/startup.o
 .data          0x00000000        0x0 ./Project_Settings/Startup_Code/startup.o
 .bss           0x00000000        0x0 ./Project_Settings/Startup_Code/startup.o
 .data          0x00000000        0x0 ./Project_Settings/Startup_Code/startup_S32K148.o
 .bss           0x00000000        0x0 ./Project_Settings/Startup_Code/startup_S32K148.o
 .FlashConfig   0x00000000       0x10 ./Project_Settings/Startup_Code/startup_S32K148.o
 .group         0x00000000        0x8 ./Project_Settings/Startup_Code/system_S32K148.o
 .group         0x00000000        0x8 ./Project_Settings/Startup_Code/system_S32K148.o
 .group         0x00000000        0x8 ./Project_Settings/Startup_Code/system_S32K148.o
 .group         0x00000000        0x8 ./Project_Settings/Startup_Code/system_S32K148.o
 .group         0x00000000        0x8 ./Project_Settings/Startup_Code/system_S32K148.o
 .group         0x00000000        0x8 ./Project_Settings/Startup_Code/system_S32K148.o
 .group         0x00000000        0x8 ./Project_Settings/Startup_Code/system_S32K148.o
 .group         0x00000000        0x8 ./Project_Settings/Startup_Code/system_S32K148.o
 .group         0x00000000        0x8 ./Project_Settings/Startup_Code/system_S32K148.o
 .group         0x00000000        0x8 ./Project_Settings/Startup_Code/system_S32K148.o
 .group         0x00000000        0x8 ./Project_Settings/Startup_Code/system_S32K148.o
 .group         0x00000000        0x8 ./Project_Settings/Startup_Code/system_S32K148.o
 .group         0x00000000        0x8 ./Project_Settings/Startup_Code/system_S32K148.o
 .group         0x00000000        0x8 ./Project_Settings/Startup_Code/system_S32K148.o
 .group         0x00000000        0x8 ./Project_Settings/Startup_Code/system_S32K148.o
 .group         0x00000000        0x8 ./Project_Settings/Startup_Code/system_S32K148.o
 .group         0x00000000        0x8 ./Project_Settings/Startup_Code/system_S32K148.o
 .group         0x00000000        0x8 ./Project_Settings/Startup_Code/system_S32K148.o
 .group         0x00000000        0x8 ./Project_Settings/Startup_Code/system_S32K148.o
 .text          0x00000000        0x0 ./Project_Settings/Startup_Code/system_S32K148.o
 .data          0x00000000        0x0 ./Project_Settings/Startup_Code/system_S32K148.o
 .bss           0x00000000        0x0 ./Project_Settings/Startup_Code/system_S32K148.o
 .data.SystemCoreClock
                0x00000000        0x4 ./Project_Settings/Startup_Code/system_S32K148.o
 .text.SystemCoreClockUpdate
                0x00000000       0xf4 ./Project_Settings/Startup_Code/system_S32K148.o
 .text.SystemSoftwareReset
                0x00000000       0x40 ./Project_Settings/Startup_Code/system_S32K148.o
 .rodata.fircFreq.5302
                0x00000000       0x10 ./Project_Settings/Startup_Code/system_S32K148.o
 .debug_macro   0x00000000      0x868 ./Project_Settings/Startup_Code/system_S32K148.o
 .debug_macro   0x00000000       0x52 ./Project_Settings/Startup_Code/system_S32K148.o
 .debug_macro   0x00000000       0xa0 ./Project_Settings/Startup_Code/system_S32K148.o
 .debug_macro   0x00000000       0x16 ./Project_Settings/Startup_Code/system_S32K148.o
 .debug_macro   0x00000000       0x10 ./Project_Settings/Startup_Code/system_S32K148.o
 .debug_macro   0x00000000       0x6d ./Project_Settings/Startup_Code/system_S32K148.o
 .debug_macro   0x00000000       0x16 ./Project_Settings/Startup_Code/system_S32K148.o
 .debug_macro   0x00000000       0x5e ./Project_Settings/Startup_Code/system_S32K148.o
 .debug_macro   0x00000000      0x185 ./Project_Settings/Startup_Code/system_S32K148.o
 .debug_macro   0x00000000      0x147 ./Project_Settings/Startup_Code/system_S32K148.o
 .debug_macro   0x00000000       0x9d ./Project_Settings/Startup_Code/system_S32K148.o
 .debug_macro   0x00000000       0x10 ./Project_Settings/Startup_Code/system_S32K148.o
 .debug_macro   0x00000000      0x15b ./Project_Settings/Startup_Code/system_S32K148.o
 .debug_macro   0x00000000       0x28 ./Project_Settings/Startup_Code/system_S32K148.o
 .debug_macro   0x00000000       0x58 ./Project_Settings/Startup_Code/system_S32K148.o
 .debug_macro   0x00000000    0x10fc7 ./Project_Settings/Startup_Code/system_S32K148.o
 .debug_macro   0x00000000      0xa0c ./Project_Settings/Startup_Code/system_S32K148.o
 .debug_macro   0x00000000       0x22 ./Project_Settings/Startup_Code/system_S32K148.o
 .group         0x00000000        0x8 ./src/ADC.o
 .group         0x00000000        0x8 ./src/ADC.o
 .group         0x00000000        0x8 ./src/ADC.o
 .group         0x00000000        0x8 ./src/ADC.o
 .group         0x00000000        0x8 ./src/ADC.o
 .group         0x00000000        0x8 ./src/ADC.o
 .group         0x00000000        0x8 ./src/ADC.o
 .group         0x00000000        0x8 ./src/ADC.o
 .group         0x00000000        0x8 ./src/ADC.o
 .group         0x00000000        0x8 ./src/ADC.o
 .group         0x00000000        0x8 ./src/ADC.o
 .group         0x00000000        0x8 ./src/ADC.o
 .group         0x00000000        0x8 ./src/ADC.o
 .group         0x00000000        0x8 ./src/ADC.o
 .group         0x00000000        0x8 ./src/ADC.o
 .group         0x00000000        0x8 ./src/ADC.o
 .group         0x00000000        0x8 ./src/ADC.o
 .group         0x00000000        0x8 ./src/ADC.o
 .text          0x00000000        0x0 ./src/ADC.o
 .data          0x00000000        0x0 ./src/ADC.o
 .bss           0x00000000        0x0 ./src/ADC.o
 .text.ADC_init_HWTrigger
                0x00000000       0x88 ./src/ADC.o
 .debug_macro   0x00000000      0x868 ./src/ADC.o
 .debug_macro   0x00000000       0x52 ./src/ADC.o
 .debug_macro   0x00000000       0xa0 ./src/ADC.o
 .debug_macro   0x00000000       0x16 ./src/ADC.o
 .debug_macro   0x00000000       0x10 ./src/ADC.o
 .debug_macro   0x00000000       0x6d ./src/ADC.o
 .debug_macro   0x00000000       0x16 ./src/ADC.o
 .debug_macro   0x00000000       0x5e ./src/ADC.o
 .debug_macro   0x00000000      0x185 ./src/ADC.o
 .debug_macro   0x00000000      0x147 ./src/ADC.o
 .debug_macro   0x00000000       0x9d ./src/ADC.o
 .debug_macro   0x00000000       0x10 ./src/ADC.o
 .debug_macro   0x00000000      0x15b ./src/ADC.o
 .debug_macro   0x00000000       0x28 ./src/ADC.o
 .debug_macro   0x00000000       0x58 ./src/ADC.o
 .debug_macro   0x00000000    0x10fc7 ./src/ADC.o
 .debug_macro   0x00000000      0xa0c ./src/ADC.o
 .debug_macro   0x00000000       0x22 ./src/ADC.o
 .group         0x00000000        0x8 ./src/clocks_and_modes.o
 .group         0x00000000        0x8 ./src/clocks_and_modes.o
 .group         0x00000000        0x8 ./src/clocks_and_modes.o
 .group         0x00000000        0x8 ./src/clocks_and_modes.o
 .group         0x00000000        0x8 ./src/clocks_and_modes.o
 .group         0x00000000        0x8 ./src/clocks_and_modes.o
 .group         0x00000000        0x8 ./src/clocks_and_modes.o
 .group         0x00000000        0x8 ./src/clocks_and_modes.o
 .group         0x00000000        0x8 ./src/clocks_and_modes.o
 .group         0x00000000        0x8 ./src/clocks_and_modes.o
 .group         0x00000000        0x8 ./src/clocks_and_modes.o
 .group         0x00000000        0x8 ./src/clocks_and_modes.o
 .group         0x00000000        0x8 ./src/clocks_and_modes.o
 .group         0x00000000        0x8 ./src/clocks_and_modes.o
 .group         0x00000000        0x8 ./src/clocks_and_modes.o
 .group         0x00000000        0x8 ./src/clocks_and_modes.o
 .group         0x00000000        0x8 ./src/clocks_and_modes.o
 .group         0x00000000        0x8 ./src/clocks_and_modes.o
 .text          0x00000000        0x0 ./src/clocks_and_modes.o
 .data          0x00000000        0x0 ./src/clocks_and_modes.o
 .bss           0x00000000        0x0 ./src/clocks_and_modes.o
 .debug_macro   0x00000000      0x868 ./src/clocks_and_modes.o
 .debug_macro   0x00000000       0x52 ./src/clocks_and_modes.o
 .debug_macro   0x00000000       0xa0 ./src/clocks_and_modes.o
 .debug_macro   0x00000000       0x16 ./src/clocks_and_modes.o
 .debug_macro   0x00000000       0x10 ./src/clocks_and_modes.o
 .debug_macro   0x00000000       0x6d ./src/clocks_and_modes.o
 .debug_macro   0x00000000       0x16 ./src/clocks_and_modes.o
 .debug_macro   0x00000000       0x5e ./src/clocks_and_modes.o
 .debug_macro   0x00000000      0x185 ./src/clocks_and_modes.o
 .debug_macro   0x00000000      0x147 ./src/clocks_and_modes.o
 .debug_macro   0x00000000       0x9d ./src/clocks_and_modes.o
 .debug_macro   0x00000000       0x10 ./src/clocks_and_modes.o
 .debug_macro   0x00000000      0x15b ./src/clocks_and_modes.o
 .debug_macro   0x00000000       0x28 ./src/clocks_and_modes.o
 .debug_macro   0x00000000       0x58 ./src/clocks_and_modes.o
 .debug_macro   0x00000000    0x10fc7 ./src/clocks_and_modes.o
 .debug_macro   0x00000000      0xa0c ./src/clocks_and_modes.o
 .debug_macro   0x00000000       0x22 ./src/clocks_and_modes.o
 .group         0x00000000        0x8 ./src/main.o
 .group         0x00000000        0x8 ./src/main.o
 .group         0x00000000        0x8 ./src/main.o
 .group         0x00000000        0x8 ./src/main.o
 .group         0x00000000        0x8 ./src/main.o
 .group         0x00000000        0x8 ./src/main.o
 .group         0x00000000        0x8 ./src/main.o
 .group         0x00000000        0x8 ./src/main.o
 .group         0x00000000        0x8 ./src/main.o
 .group         0x00000000        0x8 ./src/main.o
 .group         0x00000000        0x8 ./src/main.o
 .group         0x00000000        0x8 ./src/main.o
 .group         0x00000000        0x8 ./src/main.o
 .group         0x00000000        0x8 ./src/main.o
 .group         0x00000000        0x8 ./src/main.o
 .group         0x00000000        0x8 ./src/main.o
 .group         0x00000000        0x8 ./src/main.o
 .group         0x00000000        0x8 ./src/main.o
 .text          0x00000000        0x0 ./src/main.o
 .data          0x00000000        0x0 ./src/main.o
 .bss           0x00000000        0x0 ./src/main.o
 .debug_macro   0x00000000      0x868 ./src/main.o
 .debug_macro   0x00000000       0x52 ./src/main.o
 .debug_macro   0x00000000       0xa0 ./src/main.o
 .debug_macro   0x00000000       0x16 ./src/main.o
 .debug_macro   0x00000000       0x10 ./src/main.o
 .debug_macro   0x00000000       0x6d ./src/main.o
 .debug_macro   0x00000000       0x16 ./src/main.o
 .debug_macro   0x00000000       0x5e ./src/main.o
 .debug_macro   0x00000000      0x185 ./src/main.o
 .debug_macro   0x00000000      0x147 ./src/main.o
 .debug_macro   0x00000000       0x9d ./src/main.o
 .debug_macro   0x00000000       0x10 ./src/main.o
 .debug_macro   0x00000000      0x15b ./src/main.o
 .debug_macro   0x00000000       0x28 ./src/main.o
 .debug_macro   0x00000000       0x58 ./src/main.o
 .debug_macro   0x00000000    0x10fc7 ./src/main.o
 .debug_macro   0x00000000      0xa0c ./src/main.o
 .debug_macro   0x00000000       0x22 ./src/main.o
 .text          0x00000000        0x0 C:/NXP/S32DS_ARM_v2.2/S32DS/build_tools/gcc_v4.9/arm_ewl2/lib/armv7e-m\libc99.a(exit.o)
 .data          0x00000000        0x0 C:/NXP/S32DS_ARM_v2.2/S32DS/build_tools/gcc_v4.9/arm_ewl2/lib/armv7e-m\libc99.a(exit.o)
 .bss           0x00000000        0x0 C:/NXP/S32DS_ARM_v2.2/S32DS/build_tools/gcc_v4.9/arm_ewl2/lib/armv7e-m\libc99.a(exit.o)
 .text.exit     0x00000000       0x38 C:/NXP/S32DS_ARM_v2.2/S32DS/build_tools/gcc_v4.9/arm_ewl2/lib/armv7e-m\libc99.a(exit.o)
 .text._Exit    0x00000000        0x4 C:/NXP/S32DS_ARM_v2.2/S32DS/build_tools/gcc_v4.9/arm_ewl2/lib/armv7e-m\libc99.a(exit.o)
 .bss.__stdio_exit
                0x00000000        0x4 C:/NXP/S32DS_ARM_v2.2/S32DS/build_tools/gcc_v4.9/arm_ewl2/lib/armv7e-m\libc99.a(exit.o)
 .bss.__console_exit
                0x00000000        0x4 C:/NXP/S32DS_ARM_v2.2/S32DS/build_tools/gcc_v4.9/arm_ewl2/lib/armv7e-m\libc99.a(exit.o)
 .debug_info    0x00000000      0x111 C:/NXP/S32DS_ARM_v2.2/S32DS/build_tools/gcc_v4.9/arm_ewl2/lib/armv7e-m\libc99.a(exit.o)
 .debug_abbrev  0x00000000       0x91 C:/NXP/S32DS_ARM_v2.2/S32DS/build_tools/gcc_v4.9/arm_ewl2/lib/armv7e-m\libc99.a(exit.o)
 .debug_loc     0x00000000       0x5d C:/NXP/S32DS_ARM_v2.2/S32DS/build_tools/gcc_v4.9/arm_ewl2/lib/armv7e-m\libc99.a(exit.o)
 .debug_aranges
                0x00000000       0x28 C:/NXP/S32DS_ARM_v2.2/S32DS/build_tools/gcc_v4.9/arm_ewl2/lib/armv7e-m\libc99.a(exit.o)
 .debug_line    0x00000000       0xa4 C:/NXP/S32DS_ARM_v2.2/S32DS/build_tools/gcc_v4.9/arm_ewl2/lib/armv7e-m\libc99.a(exit.o)
 .debug_str     0x00000000      0x245 C:/NXP/S32DS_ARM_v2.2/S32DS/build_tools/gcc_v4.9/arm_ewl2/lib/armv7e-m\libc99.a(exit.o)
 .comment       0x00000000       0x71 C:/NXP/S32DS_ARM_v2.2/S32DS/build_tools/gcc_v4.9/arm_ewl2/lib/armv7e-m\libc99.a(exit.o)
 .debug_frame   0x00000000       0x3c C:/NXP/S32DS_ARM_v2.2/S32DS/build_tools/gcc_v4.9/arm_ewl2/lib/armv7e-m\libc99.a(exit.o)
 .ARM.attributes
                0x00000000       0x33 C:/NXP/S32DS_ARM_v2.2/S32DS/build_tools/gcc_v4.9/arm_ewl2/lib/armv7e-m\libc99.a(exit.o)
 .text          0x00000000        0x0 C:/NXP/S32DS_ARM_v2.2/S32DS/build_tools/gcc_v4.9/arm_ewl2/lib/armv7e-m\libc99.a(memset.o)
 .data          0x00000000        0x0 C:/NXP/S32DS_ARM_v2.2/S32DS/build_tools/gcc_v4.9/arm_ewl2/lib/armv7e-m\libc99.a(memset.o)
 .bss           0x00000000        0x0 C:/NXP/S32DS_ARM_v2.2/S32DS/build_tools/gcc_v4.9/arm_ewl2/lib/armv7e-m\libc99.a(memset.o)
 .text.memset   0x00000000        0xc C:/NXP/S32DS_ARM_v2.2/S32DS/build_tools/gcc_v4.9/arm_ewl2/lib/armv7e-m\libc99.a(memset.o)
 .debug_info    0x00000000       0xec C:/NXP/S32DS_ARM_v2.2/S32DS/build_tools/gcc_v4.9/arm_ewl2/lib/armv7e-m\libc99.a(memset.o)
 .debug_abbrev  0x00000000       0x62 C:/NXP/S32DS_ARM_v2.2/S32DS/build_tools/gcc_v4.9/arm_ewl2/lib/armv7e-m\libc99.a(memset.o)
 .debug_loc     0x00000000       0x64 C:/NXP/S32DS_ARM_v2.2/S32DS/build_tools/gcc_v4.9/arm_ewl2/lib/armv7e-m\libc99.a(memset.o)
 .debug_aranges
                0x00000000       0x20 C:/NXP/S32DS_ARM_v2.2/S32DS/build_tools/gcc_v4.9/arm_ewl2/lib/armv7e-m\libc99.a(memset.o)
 .debug_line    0x00000000       0x8f C:/NXP/S32DS_ARM_v2.2/S32DS/build_tools/gcc_v4.9/arm_ewl2/lib/armv7e-m\libc99.a(memset.o)
 .debug_str     0x00000000      0x228 C:/NXP/S32DS_ARM_v2.2/S32DS/build_tools/gcc_v4.9/arm_ewl2/lib/armv7e-m\libc99.a(memset.o)
 .comment       0x00000000       0x71 C:/NXP/S32DS_ARM_v2.2/S32DS/build_tools/gcc_v4.9/arm_ewl2/lib/armv7e-m\libc99.a(memset.o)
 .debug_frame   0x00000000       0x28 C:/NXP/S32DS_ARM_v2.2/S32DS/build_tools/gcc_v4.9/arm_ewl2/lib/armv7e-m\libc99.a(memset.o)
 .ARM.attributes
                0x00000000       0x33 C:/NXP/S32DS_ARM_v2.2/S32DS/build_tools/gcc_v4.9/arm_ewl2/lib/armv7e-m\libc99.a(memset.o)
 .text          0x00000000        0x0 C:/NXP/S32DS_ARM_v2.2/S32DS/build_tools/gcc_v4.9/arm_ewl2/lib/armv7e-m\libc99.a(__filll_mem.o)
 .data          0x00000000        0x0 C:/NXP/S32DS_ARM_v2.2/S32DS/build_tools/gcc_v4.9/arm_ewl2/lib/armv7e-m\libc99.a(__filll_mem.o)
 .bss           0x00000000        0x0 C:/NXP/S32DS_ARM_v2.2/S32DS/build_tools/gcc_v4.9/arm_ewl2/lib/armv7e-m\libc99.a(__filll_mem.o)
 .text.__fill_mem
                0x00000000       0x7a C:/NXP/S32DS_ARM_v2.2/S32DS/build_tools/gcc_v4.9/arm_ewl2/lib/armv7e-m\libc99.a(__filll_mem.o)
 .debug_info    0x00000000      0x137 C:/NXP/S32DS_ARM_v2.2/S32DS/build_tools/gcc_v4.9/arm_ewl2/lib/armv7e-m\libc99.a(__filll_mem.o)
 .debug_abbrev  0x00000000       0x78 C:/NXP/S32DS_ARM_v2.2/S32DS/build_tools/gcc_v4.9/arm_ewl2/lib/armv7e-m\libc99.a(__filll_mem.o)
 .debug_loc     0x00000000      0x16b C:/NXP/S32DS_ARM_v2.2/S32DS/build_tools/gcc_v4.9/arm_ewl2/lib/armv7e-m\libc99.a(__filll_mem.o)
 .debug_aranges
                0x00000000       0x20 C:/NXP/S32DS_ARM_v2.2/S32DS/build_tools/gcc_v4.9/arm_ewl2/lib/armv7e-m\libc99.a(__filll_mem.o)
 .debug_line    0x00000000       0xb2 C:/NXP/S32DS_ARM_v2.2/S32DS/build_tools/gcc_v4.9/arm_ewl2/lib/armv7e-m\libc99.a(__filll_mem.o)
 .debug_str     0x00000000      0x23a C:/NXP/S32DS_ARM_v2.2/S32DS/build_tools/gcc_v4.9/arm_ewl2/lib/armv7e-m\libc99.a(__filll_mem.o)
 .comment       0x00000000       0x71 C:/NXP/S32DS_ARM_v2.2/S32DS/build_tools/gcc_v4.9/arm_ewl2/lib/armv7e-m\libc99.a(__filll_mem.o)
 .debug_frame   0x00000000       0x28 C:/NXP/S32DS_ARM_v2.2/S32DS/build_tools/gcc_v4.9/arm_ewl2/lib/armv7e-m\libc99.a(__filll_mem.o)
 .ARM.attributes
                0x00000000       0x33 C:/NXP/S32DS_ARM_v2.2/S32DS/build_tools/gcc_v4.9/arm_ewl2/lib/armv7e-m\libc99.a(__filll_mem.o)
 .text          0x00000000        0x0 C:/NXP/S32DS_ARM_v2.2/S32DS/build_tools/gcc_v4.9/arm_ewl2/lib/armv7e-m\librt.a(gcc_ctor_dtor.o)
 .data          0x00000000        0x0 C:/NXP/S32DS_ARM_v2.2/S32DS/build_tools/gcc_v4.9/arm_ewl2/lib/armv7e-m\librt.a(gcc_ctor_dtor.o)
 .bss           0x00000000        0x0 C:/NXP/S32DS_ARM_v2.2/S32DS/build_tools/gcc_v4.9/arm_ewl2/lib/armv7e-m\librt.a(gcc_ctor_dtor.o)
 .text.__init_cpp
                0x00000000       0x4c C:/NXP/S32DS_ARM_v2.2/S32DS/build_tools/gcc_v4.9/arm_ewl2/lib/armv7e-m\librt.a(gcc_ctor_dtor.o)
 .text.__fini_cpp
                0x00000000       0x34 C:/NXP/S32DS_ARM_v2.2/S32DS/build_tools/gcc_v4.9/arm_ewl2/lib/armv7e-m\librt.a(gcc_ctor_dtor.o)
 .bss.__dso_handle
                0x00000000        0x4 C:/NXP/S32DS_ARM_v2.2/S32DS/build_tools/gcc_v4.9/arm_ewl2/lib/armv7e-m\librt.a(gcc_ctor_dtor.o)
 .debug_info    0x00000000      0x136 C:/NXP/S32DS_ARM_v2.2/S32DS/build_tools/gcc_v4.9/arm_ewl2/lib/armv7e-m\librt.a(gcc_ctor_dtor.o)
 .debug_abbrev  0x00000000       0x99 C:/NXP/S32DS_ARM_v2.2/S32DS/build_tools/gcc_v4.9/arm_ewl2/lib/armv7e-m\librt.a(gcc_ctor_dtor.o)
 .debug_loc     0x00000000       0x9d C:/NXP/S32DS_ARM_v2.2/S32DS/build_tools/gcc_v4.9/arm_ewl2/lib/armv7e-m\librt.a(gcc_ctor_dtor.o)
 .debug_aranges
                0x00000000       0x28 C:/NXP/S32DS_ARM_v2.2/S32DS/build_tools/gcc_v4.9/arm_ewl2/lib/armv7e-m\librt.a(gcc_ctor_dtor.o)
 .debug_line    0x00000000       0x64 C:/NXP/S32DS_ARM_v2.2/S32DS/build_tools/gcc_v4.9/arm_ewl2/lib/armv7e-m\librt.a(gcc_ctor_dtor.o)
 .debug_str     0x00000000      0x28a C:/NXP/S32DS_ARM_v2.2/S32DS/build_tools/gcc_v4.9/arm_ewl2/lib/armv7e-m\librt.a(gcc_ctor_dtor.o)
 .comment       0x00000000       0x71 C:/NXP/S32DS_ARM_v2.2/S32DS/build_tools/gcc_v4.9/arm_ewl2/lib/armv7e-m\librt.a(gcc_ctor_dtor.o)
 .debug_frame   0x00000000       0x40 C:/NXP/S32DS_ARM_v2.2/S32DS/build_tools/gcc_v4.9/arm_ewl2/lib/armv7e-m\librt.a(gcc_ctor_dtor.o)
 .ARM.attributes
                0x00000000       0x33 C:/NXP/S32DS_ARM_v2.2/S32DS/build_tools/gcc_v4.9/arm_ewl2/lib/armv7e-m\librt.a(gcc_ctor_dtor.o)
 .text          0x00000000        0x0 C:/NXP/S32DS_ARM_v2.2/S32DS/build_tools/gcc_v4.9/arm_ewl2/lib/armv7e-m\librt.a(__arm_eabi_init.o)
 .data          0x00000000        0x0 C:/NXP/S32DS_ARM_v2.2/S32DS/build_tools/gcc_v4.9/arm_ewl2/lib/armv7e-m\librt.a(__arm_eabi_init.o)
 .bss           0x00000000        0x0 C:/NXP/S32DS_ARM_v2.2/S32DS/build_tools/gcc_v4.9/arm_ewl2/lib/armv7e-m\librt.a(__arm_eabi_init.o)
 .text.__destroy_global_chain
                0x00000000       0x18 C:/NXP/S32DS_ARM_v2.2/S32DS/build_tools/gcc_v4.9/arm_ewl2/lib/armv7e-m\librt.a(__arm_eabi_init.o)
 .text.__register_global_object
                0x00000000       0x14 C:/NXP/S32DS_ARM_v2.2/S32DS/build_tools/gcc_v4.9/arm_ewl2/lib/armv7e-m\librt.a(__arm_eabi_init.o)
 .text.__cxa_atexit
                0x00000000       0x38 C:/NXP/S32DS_ARM_v2.2/S32DS/build_tools/gcc_v4.9/arm_ewl2/lib/armv7e-m\librt.a(__arm_eabi_init.o)
 .text.__aeabi_atexit
                0x00000000        0xa C:/NXP/S32DS_ARM_v2.2/S32DS/build_tools/gcc_v4.9/arm_ewl2/lib/armv7e-m\librt.a(__arm_eabi_init.o)
 .text.__register_atexit
                0x00000000        0x8 C:/NXP/S32DS_ARM_v2.2/S32DS/build_tools/gcc_v4.9/arm_ewl2/lib/armv7e-m\librt.a(__arm_eabi_init.o)
 .text.__init_registers
                0x00000000       0x20 C:/NXP/S32DS_ARM_v2.2/S32DS/build_tools/gcc_v4.9/arm_ewl2/lib/armv7e-m\librt.a(__arm_eabi_init.o)
 .text.__init_hardware
                0x00000000        0x4 C:/NXP/S32DS_ARM_v2.2/S32DS/build_tools/gcc_v4.9/arm_ewl2/lib/armv7e-m\librt.a(__arm_eabi_init.o)
 .text.__init_user
                0x00000000        0x4 C:/NXP/S32DS_ARM_v2.2/S32DS/build_tools/gcc_v4.9/arm_ewl2/lib/armv7e-m\librt.a(__arm_eabi_init.o)
 .bss.atexit_curr_func
                0x00000000        0x4 C:/NXP/S32DS_ARM_v2.2/S32DS/build_tools/gcc_v4.9/arm_ewl2/lib/armv7e-m\librt.a(__arm_eabi_init.o)
 .bss.atexit_funcs
                0x00000000      0x300 C:/NXP/S32DS_ARM_v2.2/S32DS/build_tools/gcc_v4.9/arm_ewl2/lib/armv7e-m\librt.a(__arm_eabi_init.o)
 .bss.__global_destructor_chain
                0x00000000        0x4 C:/NXP/S32DS_ARM_v2.2/S32DS/build_tools/gcc_v4.9/arm_ewl2/lib/armv7e-m\librt.a(__arm_eabi_init.o)
 .debug_info    0x00000000      0x2b3 C:/NXP/S32DS_ARM_v2.2/S32DS/build_tools/gcc_v4.9/arm_ewl2/lib/armv7e-m\librt.a(__arm_eabi_init.o)
 .debug_abbrev  0x00000000      0x1d3 C:/NXP/S32DS_ARM_v2.2/S32DS/build_tools/gcc_v4.9/arm_ewl2/lib/armv7e-m\librt.a(__arm_eabi_init.o)
 .debug_loc     0x00000000      0x144 C:/NXP/S32DS_ARM_v2.2/S32DS/build_tools/gcc_v4.9/arm_ewl2/lib/armv7e-m\librt.a(__arm_eabi_init.o)
 .debug_aranges
                0x00000000       0x58 C:/NXP/S32DS_ARM_v2.2/S32DS/build_tools/gcc_v4.9/arm_ewl2/lib/armv7e-m\librt.a(__arm_eabi_init.o)
 .debug_line    0x00000000      0x107 C:/NXP/S32DS_ARM_v2.2/S32DS/build_tools/gcc_v4.9/arm_ewl2/lib/armv7e-m\librt.a(__arm_eabi_init.o)
 .debug_str     0x00000000      0x2be C:/NXP/S32DS_ARM_v2.2/S32DS/build_tools/gcc_v4.9/arm_ewl2/lib/armv7e-m\librt.a(__arm_eabi_init.o)
 .comment       0x00000000       0x71 C:/NXP/S32DS_ARM_v2.2/S32DS/build_tools/gcc_v4.9/arm_ewl2/lib/armv7e-m\librt.a(__arm_eabi_init.o)
 .debug_frame   0x00000000       0xac C:/NXP/S32DS_ARM_v2.2/S32DS/build_tools/gcc_v4.9/arm_ewl2/lib/armv7e-m\librt.a(__arm_eabi_init.o)
 .ARM.attributes
                0x00000000       0x33 C:/NXP/S32DS_ARM_v2.2/S32DS/build_tools/gcc_v4.9/arm_ewl2/lib/armv7e-m\librt.a(__arm_eabi_init.o)
 .text          0x00000000        0x0 C:/NXP/S32DS_ARM_v2.2/S32DS/build_tools/gcc_v4.9/arm_ewl2/lib/armv7e-m\librt.a(ROMCopy.o)
 .data          0x00000000        0x0 C:/NXP/S32DS_ARM_v2.2/S32DS/build_tools/gcc_v4.9/arm_ewl2/lib/armv7e-m\librt.a(ROMCopy.o)
 .bss           0x00000000        0x0 C:/NXP/S32DS_ARM_v2.2/S32DS/build_tools/gcc_v4.9/arm_ewl2/lib/armv7e-m\librt.a(ROMCopy.o)
 .text.__flush_cache
                0x00000000        0x2 C:/NXP/S32DS_ARM_v2.2/S32DS/build_tools/gcc_v4.9/arm_ewl2/lib/armv7e-m\librt.a(ROMCopy.o)
 .text.__copy_rom_section
                0x00000000       0x42 C:/NXP/S32DS_ARM_v2.2/S32DS/build_tools/gcc_v4.9/arm_ewl2/lib/armv7e-m\librt.a(ROMCopy.o)
 .text.__copy_rom_sections_to_ram
                0x00000000       0x28 C:/NXP/S32DS_ARM_v2.2/S32DS/build_tools/gcc_v4.9/arm_ewl2/lib/armv7e-m\librt.a(ROMCopy.o)
 .debug_info    0x00000000      0x20e C:/NXP/S32DS_ARM_v2.2/S32DS/build_tools/gcc_v4.9/arm_ewl2/lib/armv7e-m\librt.a(ROMCopy.o)
 .debug_abbrev  0x00000000      0x11f C:/NXP/S32DS_ARM_v2.2/S32DS/build_tools/gcc_v4.9/arm_ewl2/lib/armv7e-m\librt.a(ROMCopy.o)
 .debug_loc     0x00000000       0xb3 C:/NXP/S32DS_ARM_v2.2/S32DS/build_tools/gcc_v4.9/arm_ewl2/lib/armv7e-m\librt.a(ROMCopy.o)
 .debug_aranges
                0x00000000       0x30 C:/NXP/S32DS_ARM_v2.2/S32DS/build_tools/gcc_v4.9/arm_ewl2/lib/armv7e-m\librt.a(ROMCopy.o)
 .debug_line    0x00000000       0x9e C:/NXP/S32DS_ARM_v2.2/S32DS/build_tools/gcc_v4.9/arm_ewl2/lib/armv7e-m\librt.a(ROMCopy.o)
 .debug_str     0x00000000      0x23c C:/NXP/S32DS_ARM_v2.2/S32DS/build_tools/gcc_v4.9/arm_ewl2/lib/armv7e-m\librt.a(ROMCopy.o)
 .comment       0x00000000       0x71 C:/NXP/S32DS_ARM_v2.2/S32DS/build_tools/gcc_v4.9/arm_ewl2/lib/armv7e-m\librt.a(ROMCopy.o)
 .debug_frame   0x00000000       0x48 C:/NXP/S32DS_ARM_v2.2/S32DS/build_tools/gcc_v4.9/arm_ewl2/lib/armv7e-m\librt.a(ROMCopy.o)
 .ARM.attributes
                0x00000000       0x33 C:/NXP/S32DS_ARM_v2.2/S32DS/build_tools/gcc_v4.9/arm_ewl2/lib/armv7e-m\librt.a(ROMCopy.o)
 .text          0x00000000        0x0 C:/NXP/S32DS_ARM_v2.2/S32DS/build_tools/gcc_v4.9/arm_ewl2/lib/armv7e-m/__arm_end.o
 .data          0x00000000        0x0 C:/NXP/S32DS_ARM_v2.2/S32DS/build_tools/gcc_v4.9/arm_ewl2/lib/armv7e-m/__arm_end.o
 .bss           0x00000000        0x0 C:/NXP/S32DS_ARM_v2.2/S32DS/build_tools/gcc_v4.9/arm_ewl2/lib/armv7e-m/__arm_end.o
 .text._ExitProcess
                0x00000000        0x2 C:/NXP/S32DS_ARM_v2.2/S32DS/build_tools/gcc_v4.9/arm_ewl2/lib/armv7e-m/__arm_end.o
 .debug_info    0x00000000       0x4e C:/NXP/S32DS_ARM_v2.2/S32DS/build_tools/gcc_v4.9/arm_ewl2/lib/armv7e-m/__arm_end.o
 .debug_abbrev  0x00000000       0x4a C:/NXP/S32DS_ARM_v2.2/S32DS/build_tools/gcc_v4.9/arm_ewl2/lib/armv7e-m/__arm_end.o
 .debug_aranges
                0x00000000       0x20 C:/NXP/S32DS_ARM_v2.2/S32DS/build_tools/gcc_v4.9/arm_ewl2/lib/armv7e-m/__arm_end.o
 .debug_line    0x00000000       0x44 C:/NXP/S32DS_ARM_v2.2/S32DS/build_tools/gcc_v4.9/arm_ewl2/lib/armv7e-m/__arm_end.o
 .debug_str     0x00000000      0x1b0 C:/NXP/S32DS_ARM_v2.2/S32DS/build_tools/gcc_v4.9/arm_ewl2/lib/armv7e-m/__arm_end.o
 .comment       0x00000000       0x71 C:/NXP/S32DS_ARM_v2.2/S32DS/build_tools/gcc_v4.9/arm_ewl2/lib/armv7e-m/__arm_end.o
 .debug_frame   0x00000000       0x20 C:/NXP/S32DS_ARM_v2.2/S32DS/build_tools/gcc_v4.9/arm_ewl2/lib/armv7e-m/__arm_end.o
 .ARM.attributes
                0x00000000       0x33 C:/NXP/S32DS_ARM_v2.2/S32DS/build_tools/gcc_v4.9/arm_ewl2/lib/armv7e-m/__arm_end.o

Memory Configuration

Name             Origin             Length             Attributes
m_interrupts     0x1ffe0000         0x00000400         xr
m_text           0x1ffe0400         0x0001fc00         xr
m_data           0x20000000         0x0001f000         rw
*default*        0x00000000         0xffffffff

Linker script and memory map

LOAD C:/NXP/S32DS_ARM_v2.2/S32DS/build_tools/gcc_v4.9/arm_ewl2/lib/armv7e-m/__arm_start.o
LOAD ./Project_Settings/Startup_Code/startup.o
LOAD ./Project_Settings/Startup_Code/startup_S32K148.o
LOAD ./Project_Settings/Startup_Code/system_S32K148.o
LOAD ./src/ADC.o
LOAD ./src/clocks_and_modes.o
LOAD ./src/main.o
START GROUP
LOAD C:/NXP/S32DS_ARM_v2.2/S32DS/build_tools/gcc_v4.9/arm_ewl2/lib/armv7e-m\libc99.a
LOAD C:/NXP/S32DS_ARM_v2.2/S32DS/build_tools/gcc_v4.9/arm_ewl2/lib/armv7e-m\libm.a
LOAD c:/nxp/s32ds_arm_v2.2/s32ds/build_tools/gcc_v4.9/gcc-arm-none-eabi-4_9/bin/../lib/gcc/arm-none-eabi/4.9.3/armv7e-m\libgcc.a
LOAD C:/NXP/S32DS_ARM_v2.2/S32DS/build_tools/gcc_v4.9/arm_ewl2/lib/armv7e-m\librt.a
LOAD C:/NXP/S32DS_ARM_v2.2/S32DS/build_tools/gcc_v4.9/arm_ewl2/lib/armv7e-m\libnoio.a
END GROUP
LOAD C:/NXP/S32DS_ARM_v2.2/S32DS/build_tools/gcc_v4.9/arm_ewl2/lib/armv7e-m/__arm_end.o
                0x00000400                HEAP_SIZE = DEFINED (__heap_size__)?__heap_size__:0x400
                0x00000400                STACK_SIZE = DEFINED (__stack_size__)?__stack_size__:0x400

.interrupts     0x1ffe0000      0x400
                0x1ffe0000                __VECTOR_TABLE = .
                0x1ffe0000                . = ALIGN (0x4)
 *(.isr_vector)
 .isr_vector    0x1ffe0000      0x400 ./Project_Settings/Startup_Code/startup_S32K148.o
                0x1ffe0000                __isr_vector
                0x1ffe0400                . = ALIGN (0x4)
                0x1ffe0000                __VECTOR_RAM = __VECTOR_TABLE
                0x00000000                __RAM_VECTOR_TABLE_SIZE = 0x0

.text           0x1ffe0400      0x4b0
                0x1ffe0400                . = ALIGN (0x4)
 *(.text)
 .text          0x1ffe0400       0x44 ./Project_Settings/Startup_Code/startup_S32K148.o
                0x1ffe0400                Reset_Handler
                0x1ffe0440                FTM5_Ch2_Ch3_IRQHandler
                0x1ffe0440                DebugMon_Handler
                0x1ffe0440                CAN0_ORed_IRQHandler
                0x1ffe0440                HardFault_Handler
                0x1ffe0440                FTM7_Ch2_Ch3_IRQHandler
                0x1ffe0440                Reserved103_IRQHandler
                0x1ffe0440                FTM7_Ch6_Ch7_IRQHandler
                0x1ffe0440                SysTick_Handler
                0x1ffe0440                FTM2_Ovf_Reload_IRQHandler
                0x1ffe0440                Reserved50_IRQHandler
                0x1ffe0440                FTFC_Fault_IRQHandler
                0x1ffe0440                FTM0_Ch6_Ch7_IRQHandler
                0x1ffe0440                Reserved114_IRQHandler
                0x1ffe0440                PendSV_Handler
                0x1ffe0440                NMI_Handler
                0x1ffe0440                ERM_double_fault_IRQHandler
                0x1ffe0440                DMA2_IRQHandler
                0x1ffe0440                Reserved59_IRQHandler
                0x1ffe0440                LPIT0_Ch0_IRQHandler
                0x1ffe0440                Reserved99_IRQHandler
                0x1ffe0440                FTM7_Ch4_Ch5_IRQHandler
                0x1ffe0440                FTM3_Ch6_Ch7_IRQHandler
                0x1ffe0440                CAN2_ORed_0_15_MB_IRQHandler
                0x1ffe0440                LPIT0_Ch3_IRQHandler
                0x1ffe0440                LPI2C1_Master_IRQHandler
                0x1ffe0440                FTM0_Ch4_Ch5_IRQHandler
                0x1ffe0440                CAN1_Error_IRQHandler
                0x1ffe0440                FTM4_Ch6_Ch7_IRQHandler
                0x1ffe0440                FTM3_Ch0_Ch1_IRQHandler
                0x1ffe0440                SWI_IRQHandler
                0x1ffe0440                ADC0_IRQHandler
                0x1ffe0440                FTM2_Ch4_Ch5_IRQHandler
                0x1ffe0440                UsageFault_Handler
                0x1ffe0440                FTM0_Ovf_Reload_IRQHandler
                0x1ffe0440                FTM4_Fault_IRQHandler
                0x1ffe0440                DefaultISR
                0x1ffe0440                DMA9_IRQHandler
                0x1ffe0440                Reserved58_IRQHandler
                0x1ffe0440                FTM7_Fault_IRQHandler
                0x1ffe0440                LPI2C1_Slave_IRQHandler
                0x1ffe0440                CAN1_ORed_0_15_MB_IRQHandler
                0x1ffe0440                FTM1_Ch2_Ch3_IRQHandler
                0x1ffe0440                DMA14_IRQHandler
                0x1ffe0440                Reserved82_IRQHandler
                0x1ffe0440                CAN0_ORed_16_31_MB_IRQHandler
                0x1ffe0440                LPI2C0_Slave_IRQHandler
                0x1ffe0440                PORTD_IRQHandler
                0x1ffe0440                SAI1_Rx_IRQHandler
                0x1ffe0440                Reserved69_IRQHandler
                0x1ffe0440                PORTB_IRQHandler
                0x1ffe0440                Reserved70_IRQHandler
                0x1ffe0440                ADC1_IRQHandler
                0x1ffe0440                FTM2_Ch2_Ch3_IRQHandler
                0x1ffe0440                FTM5_Ch0_Ch1_IRQHandler
                0x1ffe0440                Reserved53_IRQHandler
                0x1ffe0440                DMA5_IRQHandler
                0x1ffe0440                RTC_IRQHandler
                0x1ffe0440                PDB0_IRQHandler
                0x1ffe0440                Reserved54_IRQHandler
                0x1ffe0440                FTM6_Fault_IRQHandler
                0x1ffe0440                FTM2_Ch6_Ch7_IRQHandler
                0x1ffe0440                FTM6_Ch4_Ch5_IRQHandler
                0x1ffe0440                FTM3_Ch2_Ch3_IRQHandler
                0x1ffe0440                FTM6_Ch2_Ch3_IRQHandler
                0x1ffe0440                FTM2_Ch0_Ch1_IRQHandler
                0x1ffe0440                LPSPI1_IRQHandler
                0x1ffe0440                LPUART1_RxTx_IRQHandler
                0x1ffe0440                FTM4_Ovf_Reload_IRQHandler
                0x1ffe0440                RTC_Seconds_IRQHandler
                0x1ffe0440                FTM7_Ch0_Ch1_IRQHandler
                0x1ffe0440                CAN2_ORed_IRQHandler
                0x1ffe0440                Reserved110_IRQHandler
                0x1ffe0440                DMA11_IRQHandler
                0x1ffe0440                Reserved107_IRQHandler
                0x1ffe0440                ENET_TIMER_IRQHandler
                0x1ffe0440                Read_Collision_IRQHandler
                0x1ffe0440                CAN2_Error_IRQHandler
                0x1ffe0440                FTFC_IRQHandler
                0x1ffe0440                DMA7_IRQHandler
                0x1ffe0440                FTM1_Ch6_Ch7_IRQHandler
                0x1ffe0440                FTM5_Fault_IRQHandler
                0x1ffe0440                FTM6_Ovf_Reload_IRQHandler
                0x1ffe0440                LPIT0_Ch1_IRQHandler
                0x1ffe0440                FTM4_Ch0_Ch1_IRQHandler
                0x1ffe0440                FTM1_Ch4_Ch5_IRQHandler
                0x1ffe0440                FTM3_Ovf_Reload_IRQHandler
                0x1ffe0440                SAI0_Tx_IRQHandler
                0x1ffe0440                LPUART2_RxTx_IRQHandler
                0x1ffe0440                FTM5_Ch4_Ch5_IRQHandler
                0x1ffe0440                LPSPI0_IRQHandler
                0x1ffe0440                WDOG_EWM_IRQHandler
                0x1ffe0440                MemManage_Handler
                0x1ffe0440                Reserved83_IRQHandler
                0x1ffe0440                FTM0_Fault_IRQHandler
                0x1ffe0440                FTM6_Ch6_Ch7_IRQHandler
                0x1ffe0440                Reserved48_IRQHandler
                0x1ffe0440                SVC_Handler
                0x1ffe0440                ENET_TX_IRQHandler
                0x1ffe0440                ERM_single_fault_IRQHandler
                0x1ffe0440                FTM2_Fault_IRQHandler
                0x1ffe0440                FTM0_Ch2_Ch3_IRQHandler
                0x1ffe0440                DMA13_IRQHandler
                0x1ffe0440                FTM4_Ch2_Ch3_IRQHandler
                0x1ffe0440                FTM0_Ch0_Ch1_IRQHandler
                0x1ffe0440                FTM4_Ch4_Ch5_IRQHandler
                0x1ffe0440                FTM5_Ovf_Reload_IRQHandler
                0x1ffe0440                FTM3_Fault_IRQHandler
                0x1ffe0440                RCM_IRQHandler
                0x1ffe0440                DMA3_IRQHandler
                0x1ffe0440                Reserved100_IRQHandler
                0x1ffe0440                DMA0_IRQHandler
                0x1ffe0440                CAN1_ORed_IRQHandler
                0x1ffe0440                SAI0_Rx_IRQHandler
                0x1ffe0440                DMA15_IRQHandler
                0x1ffe0440                SCG_IRQHandler
                0x1ffe0440                PDB1_IRQHandler
                0x1ffe0440                CAN2_ORed_16_31_MB_IRQHandler
                0x1ffe0440                CAN0_Error_IRQHandler
                0x1ffe0440                LPI2C0_Master_IRQHandler
                0x1ffe0440                ENET_WAKE_IRQHandler
                0x1ffe0440                DMA4_IRQHandler
                0x1ffe0440                FTM1_Fault_IRQHandler
                0x1ffe0440                Reserved106_IRQHandler
                0x1ffe0440                ENET_ERR_IRQHandler
                0x1ffe0440                DMA_Error_IRQHandler
                0x1ffe0440                LVD_LVW_IRQHandler
                0x1ffe0440                ENET_STOP_IRQHandler
                0x1ffe0440                ENET_RX_IRQHandler
                0x1ffe0440                LPIT0_Ch2_IRQHandler
                0x1ffe0440                PORTA_IRQHandler
                0x1ffe0440                FTM5_Ch6_Ch7_IRQHandler
                0x1ffe0440                CAN1_ORed_16_31_MB_IRQHandler
                0x1ffe0440                MCM_IRQHandler
                0x1ffe0440                LPSPI2_IRQHandler
                0x1ffe0440                DMA12_IRQHandler
                0x1ffe0440                FTM7_Ovf_Reload_IRQHandler
                0x1ffe0440                FTM3_Ch4_Ch5_IRQHandler
                0x1ffe0440                CAN0_ORed_0_15_MB_IRQHandler
                0x1ffe0440                PORTE_IRQHandler
                0x1ffe0440                LPUART0_RxTx_IRQHandler
                0x1ffe0440                FTM6_Ch0_Ch1_IRQHandler
                0x1ffe0440                LPTMR0_IRQHandler
                0x1ffe0440                BusFault_Handler
                0x1ffe0440                FTM1_Ovf_Reload_IRQHandler
                0x1ffe0440                DMA8_IRQHandler
                0x1ffe0440                DMA10_IRQHandler
                0x1ffe0440                CAN0_Wake_Up_IRQHandler
                0x1ffe0440                QSPI_IRQHandler
                0x1ffe0440                CMP0_IRQHandler
                0x1ffe0440                Reserved52_IRQHandler
                0x1ffe0440                PORTC_IRQHandler
                0x1ffe0440                DMA6_IRQHandler
                0x1ffe0440                FTM1_Ch0_Ch1_IRQHandler
                0x1ffe0440                FLEXIO_IRQHandler
                0x1ffe0440                SAI1_Tx_IRQHandler
                0x1ffe0440                DMA1_IRQHandler
                0x1ffe0440                Reserved113_IRQHandler
 *(.text*)
 .text.init_data_bss
                0x1ffe0444       0xf4 ./Project_Settings/Startup_Code/startup.o
                0x1ffe0444                init_data_bss
 .text.SystemInit
                0x1ffe0538       0x30 ./Project_Settings/Startup_Code/system_S32K148.o
                0x1ffe0538                SystemInit
 .text.ADC_init
                0x1ffe0568       0x74 ./src/ADC.o
                0x1ffe0568                ADC_init
 .text.convertAdcChan
                0x1ffe05dc       0x30 ./src/ADC.o
                0x1ffe05dc                convertAdcChan
 .text.adc_complete
                0x1ffe060c       0x20 ./src/ADC.o
                0x1ffe060c                adc_complete
 .text.read_adc_chx
                0x1ffe062c       0x3c ./src/ADC.o
                0x1ffe062c                read_adc_chx
 .text.SOSC_init_8MHz
                0x1ffe0668       0x4c ./src/clocks_and_modes.o
                0x1ffe0668                SOSC_init_8MHz
 .text.SPLL_init_160MHz
                0x1ffe06b4       0x80 ./src/clocks_and_modes.o
                0x1ffe06b4                SPLL_init_160MHz
 .text.NormalRUNmode_80MHz
                0x1ffe0734       0x34 ./src/clocks_and_modes.o
                0x1ffe0734                NormalRUNmode_80MHz
 .text.PORT_init
                0x1ffe0768       0x4c ./src/main.o
                0x1ffe0768                PORT_init
 .text.WDOG_disable
                0x1ffe07b4       0x2c ./src/main.o
                0x1ffe07b4                WDOG_disable
 .text.main     0x1ffe07e0       0xd0 ./src/main.o
                0x1ffe07e0                main
 *(.rodata)
 *(.rodata*)
 *(.glue_7)
 .glue_7        0x00000000        0x0 linker stubs
 *(.glue_7t)
 .glue_7t       0x00000000        0x0 linker stubs
 *(.eh_frame)
 *(.init)
 *(.fini)
                0x1ffe08b0                . = ALIGN (0x4)

.vfp11_veneer   0x1ffe08b0        0x0
 .vfp11_veneer  0x00000000        0x0 linker stubs

.v4_bx          0x1ffe08b0        0x0
 .v4_bx         0x00000000        0x0 linker stubs

.iplt           0x1ffe08b0        0x0
 .iplt          0x00000000        0x0 C:/NXP/S32DS_ARM_v2.2/S32DS/build_tools/gcc_v4.9/arm_ewl2/lib/armv7e-m/__arm_start.o

.rel.dyn        0x1ffe08b0        0x0
 .rel.iplt      0x00000000        0x0 C:/NXP/S32DS_ARM_v2.2/S32DS/build_tools/gcc_v4.9/arm_ewl2/lib/armv7e-m/__arm_start.o

.code_ram       0x1ffe08b0        0x0
                0x1ffe08b0                . = ALIGN (0x4)
                0x1ffe08b0                __CODE_RAM = .
 *(.code_ram)
                0x1ffe08b0                __CODE_ROM = .
                0x1ffe08b0                __CODE_END = .
                0x1ffe08b0                . = ALIGN (0x4)

.ARM.extab
 *(.ARM.extab* .gnu.linkonce.armextab.*)

.ARM            0x1ffe08b0        0x0
                0x1ffe08b0                __exidx_start = .
 *(.ARM.exidx*)
                0x1ffe08b0                __exidx_end = .

.ctors          0x1ffe08b0        0x0
                0x1ffe08b0                __CTOR_LIST__ = .
 *crtbegin.o(.ctors)
 *crtbegin?.o(.ctors)
 *(EXCLUDE_FILE(*crtend.o *crtend?.o) .ctors)
 *(SORT(.ctors.*))
 *(.ctors)
                0x1ffe08b0                __CTOR_END__ = .

.dtors          0x1ffe08b0        0x0
                0x1ffe08b0                __DTOR_LIST__ = .
 *crtbegin.o(.dtors)
 *crtbegin?.o(.dtors)
 *(EXCLUDE_FILE(*crtend.o *crtend?.o) .dtors)
 *(SORT(.dtors.*))
 *(.dtors)
                0x1ffe08b0                __DTOR_END__ = .

.preinit_array  0x1ffe08b0        0x0
                0x1ffe08b0                PROVIDE (__preinit_array_start, .)
 *(.preinit_array*)
                0x1ffe08b0                PROVIDE (__preinit_array_end, .)

.init_array     0x1ffe08b0        0x0
                0x1ffe08b0                PROVIDE (__init_array_start, .)
 *(SORT(.init_array.*))
 *(.init_array*)
                0x1ffe08b0                PROVIDE (__init_array_end, .)

.fini_array     0x1ffe08b0        0x0
                0x1ffe08b0                PROVIDE (__fini_array_start, .)
 *(SORT(.fini_array.*))
 *(.fini_array*)
                0x1ffe08b0                PROVIDE (__fini_array_end, .)
                0x1ffe08b0                __etext = .
                0x1ffe08b0                __DATA_ROM = .
                0x1ffe08b0                __DATA_END = __DATA_ROM

.customSectionBlock
 *(.customSection)

.data           0x20000000        0x0
                0x20000000                . = ALIGN (0x4)
                0x20000000                __DATA_RAM = .
                0x20000000                __data_start__ = .
 *(.data)
 *(.data*)
 *(.jcr*)
                0x20000000                . = ALIGN (0x4)
                0x20000000                __data_end__ = .

.igot.plt       0x20000000        0x0
 .igot.plt      0x00000000        0x0 C:/NXP/S32DS_ARM_v2.2/S32DS/build_tools/gcc_v4.9/arm_ewl2/lib/armv7e-m/__arm_start.o

.bss            0x20000000        0x0
                0x20000000                . = ALIGN (0x4)
                0x20000000                __BSS_START = .
                0x20000000                __bss_start__ = .
 *(.bss)
 *(.bss*)
 *(COMMON)
                0x20000000                . = ALIGN (0x4)
                0x20000000                __bss_end__ = .
                0x20000000                __BSS_END = .

.heap           0x20000000      0x400
                0x20000000                . = ALIGN (0x8)
                0x20000000                __end__ = .
                0x20000000                PROVIDE (end, .)
                0x20000000                PROVIDE (_end, .)
                0x20000000                PROVIDE (__end, .)
                0x20000000                __HeapBase = .
                0x20000400                . = (. + HEAP_SIZE)
 *fill*         0x20000000      0x400 
                0x20000400                __HeapLimit = .
                0x20000400                __heap_limit = .

.stack          0x20000400      0x400
                0x20000400                . = ALIGN (0x8)
                0x20000800                . = (. + STACK_SIZE)
 *fill*         0x20000400      0x400 
                0x2001f000                __StackTop = (ORIGIN (m_data) + 0x1f000)
                0x2001ec00                __StackLimit = (__StackTop - STACK_SIZE)
                0x2001f000                PROVIDE (__stack, __StackTop)

.ARM.attributes
                0x00000000       0x31
 *(.ARM.attributes)
 .ARM.attributes
                0x00000000       0x33 ./Project_Settings/Startup_Code/startup.o
 .ARM.attributes
                0x00000033       0x1b ./Project_Settings/Startup_Code/startup_S32K148.o
 .ARM.attributes
                0x0000004e       0x33 ./Project_Settings/Startup_Code/system_S32K148.o
 .ARM.attributes
                0x00000081       0x33 ./src/ADC.o
 .ARM.attributes
                0x000000b4       0x33 ./src/clocks_and_modes.o
 .ARM.attributes
                0x000000e7       0x33 ./src/main.o
                0x00000001                ASSERT ((__StackLimit >= __HeapLimit), region m_data overflowed with stack and heap)

/DISCARD/
 *(.FlashConfig)
OUTPUT(S32K148_Project_ADC.elf elf32-littlearm)

.debug_info     0x00000000     0x120a
 .debug_info    0x00000000      0x3eb ./Project_Settings/Startup_Code/startup.o
 .debug_info    0x000003eb       0xaf ./Project_Settings/Startup_Code/startup_S32K148.o
 .debug_info    0x0000049a      0x500 ./Project_Settings/Startup_Code/system_S32K148.o
 .debug_info    0x0000099a      0x377 ./src/ADC.o
 .debug_info    0x00000d11      0x269 ./src/clocks_and_modes.o
 .debug_info    0x00000f7a      0x290 ./src/main.o

.debug_abbrev   0x00000000      0x503
 .debug_abbrev  0x00000000      0x101 ./Project_Settings/Startup_Code/startup.o
 .debug_abbrev  0x00000101       0x14 ./Project_Settings/Startup_Code/startup_S32K148.o
 .debug_abbrev  0x00000115      0x118 ./Project_Settings/Startup_Code/system_S32K148.o
 .debug_abbrev  0x0000022d      0x134 ./src/ADC.o
 .debug_abbrev  0x00000361       0xc2 ./src/clocks_and_modes.o
 .debug_abbrev  0x00000423       0xe0 ./src/main.o

.debug_aranges  0x00000000      0x110
 .debug_aranges
                0x00000000       0x20 ./Project_Settings/Startup_Code/startup.o
 .debug_aranges
                0x00000020       0x20 ./Project_Settings/Startup_Code/startup_S32K148.o
 .debug_aranges
                0x00000040       0x30 ./Project_Settings/Startup_Code/system_S32K148.o
 .debug_aranges
                0x00000070       0x40 ./src/ADC.o
 .debug_aranges
                0x000000b0       0x30 ./src/clocks_and_modes.o
 .debug_aranges
                0x000000e0       0x30 ./src/main.o

.debug_ranges   0x00000000       0xa0
 .debug_ranges  0x00000000       0x10 ./Project_Settings/Startup_Code/startup.o
 .debug_ranges  0x00000010       0x20 ./Project_Settings/Startup_Code/system_S32K148.o
 .debug_ranges  0x00000030       0x30 ./src/ADC.o
 .debug_ranges  0x00000060       0x20 ./src/clocks_and_modes.o
 .debug_ranges  0x00000080       0x20 ./src/main.o

.debug_macro    0x00000000    0x12e74
 .debug_macro   0x00000000       0xe9 ./Project_Settings/Startup_Code/startup.o
 .debug_macro   0x000000e9      0x868 ./Project_Settings/Startup_Code/startup.o
 .debug_macro   0x00000951       0x52 ./Project_Settings/Startup_Code/startup.o
 .debug_macro   0x000009a3       0xa0 ./Project_Settings/Startup_Code/startup.o
 .debug_macro   0x00000a43       0x16 ./Project_Settings/Startup_Code/startup.o
 .debug_macro   0x00000a59       0x10 ./Project_Settings/Startup_Code/startup.o
 .debug_macro   0x00000a69       0x6d ./Project_Settings/Startup_Code/startup.o
 .debug_macro   0x00000ad6       0x16 ./Project_Settings/Startup_Code/startup.o
 .debug_macro   0x00000aec       0x5e ./Project_Settings/Startup_Code/startup.o
 .debug_macro   0x00000b4a      0x185 ./Project_Settings/Startup_Code/startup.o
 .debug_macro   0x00000ccf      0x147 ./Project_Settings/Startup_Code/startup.o
 .debug_macro   0x00000e16       0x9d ./Project_Settings/Startup_Code/startup.o
 .debug_macro   0x00000eb3       0x10 ./Project_Settings/Startup_Code/startup.o
 .debug_macro   0x00000ec3      0x15b ./Project_Settings/Startup_Code/startup.o
 .debug_macro   0x0000101e       0x28 ./Project_Settings/Startup_Code/startup.o
 .debug_macro   0x00001046       0x58 ./Project_Settings/Startup_Code/startup.o
 .debug_macro   0x0000109e    0x10fc7 ./Project_Settings/Startup_Code/startup.o
 .debug_macro   0x00012065      0xa0c ./Project_Settings/Startup_Code/startup.o
 .debug_macro   0x00012a71       0x22 ./Project_Settings/Startup_Code/startup.o
 .debug_macro   0x00012a93       0xe8 ./Project_Settings/Startup_Code/system_S32K148.o
 .debug_macro   0x00012b7b       0x22 ./Project_Settings/Startup_Code/system_S32K148.o
 .debug_macro   0x00012b9d       0xe9 ./src/ADC.o
 .debug_macro   0x00012c86       0xe9 ./src/clocks_and_modes.o
 .debug_macro   0x00012d6f      0x105 ./src/main.o

.debug_line     0x00000000      0xe2c
 .debug_line    0x00000000      0x2a1 ./Project_Settings/Startup_Code/startup.o
 .debug_line    0x000002a1       0x83 ./Project_Settings/Startup_Code/startup_S32K148.o
 .debug_line    0x00000324      0x2dc ./Project_Settings/Startup_Code/system_S32K148.o
 .debug_line    0x00000600      0x2ae ./src/ADC.o
 .debug_line    0x000008ae      0x2c5 ./src/clocks_and_modes.o
 .debug_line    0x00000b73      0x2b9 ./src/main.o

.debug_str      0x00000000    0x76e7f
 .debug_str     0x00000000    0x76a68 ./Project_Settings/Startup_Code/startup.o
                              0x76afd (size before relaxing)
 .debug_str     0x00076a68      0x1e3 ./Project_Settings/Startup_Code/system_S32K148.o
                              0x76bc6 (size before relaxing)
 .debug_str     0x00076c4b      0x121 ./src/ADC.o
                              0x76a69 (size before relaxing)
 .debug_str     0x00076d6c       0x63 ./src/clocks_and_modes.o
                              0x76a61 (size before relaxing)
 .debug_str     0x00076dcf       0xb0 ./src/main.o
                              0x76a39 (size before relaxing)

.comment        0x00000000       0x70
 .comment       0x00000000       0x70 ./Project_Settings/Startup_Code/startup.o
                                 0x71 (size before relaxing)
 .comment       0x00000000       0x71 ./Project_Settings/Startup_Code/system_S32K148.o
 .comment       0x00000000       0x71 ./src/ADC.o
 .comment       0x00000000       0x71 ./src/clocks_and_modes.o
 .comment       0x00000000       0x71 ./src/main.o

.debug_frame    0x00000000      0x260
 .debug_frame   0x00000000       0x38 ./Project_Settings/Startup_Code/startup.o
 .debug_frame   0x00000038       0x80 ./Project_Settings/Startup_Code/system_S32K148.o
 .debug_frame   0x000000b8       0xc8 ./src/ADC.o
 .debug_frame   0x00000180       0x70 ./src/clocks_and_modes.o
 .debug_frame   0x000001f0       0x70 ./src/main.o
